[debug] [2026-09-18T04:03:57.222Z] ----------------------------------------------------------------------
[debug] [2026-09-18T04:03:57.226Z] Command:       /usr/local/bin/firebase /Users/bobbykumar/.cache/firebase/tools/lib/node_modules/firebase-tools/lib/bin/firebase init
[debug] [2026-09-18T04:03:57.227Z] CLI Version:   15.15.0
[debug] [2026-09-18T04:03:57.227Z] Platform:      darwin
[debug] [2026-09-18T04:03:57.227Z] Node Version:  v20.18.2
[debug] [2026-09-18T04:03:57.227Z] Time:          Fri Sep 18 2026 09:33:57 GMT+0530 (India Standard Time)
[debug] [2026-09-18T04:03:57.227Z] ----------------------------------------------------------------------
[debug] 
[debug] [2026-09-18T04:03:57.230Z] >>> [apiv2][query] GET https://firebase-public.firebaseio.com/cli.json [none]
[info] 
     ######## #### ########  ######## ########     ###     ######  ########
     ##        ##  ##     ## ##       ##     ##  ##   ##  ##       ##
     ######    ##  ########  ######   ########  #########  ######  ######
     ##        ##  ##    ##  ##       ##     ## ##     ##       ## ##
     ##       #### ##     ## ######## ########  ##     ##  ######  ########

You're about to initialize a Firebase project in this directory:

  /Users/bobbykumar/Desktop/3view-v1

Before we get started, keep in mind:

  * You are initializing within an existing Firebase project directory

[debug] [2026-09-18T04:04:00.557Z] <<< [apiv2][status] GET https://firebase-public.firebaseio.com/cli.json 200
[debug] [2026-09-18T04:04:00.558Z] <<< [apiv2][body] GET https://firebase-public.firebaseio.com/cli.json {"cloudBuildErrorAfter":1594252800000,"cloudBuildWarnAfter":1590019200000,"defaultNode10After":1594252800000,"minVersion":"3.0.5","node8DeploysDisabledAfter":1613390400000,"node8RuntimeDisabledAfter":1615809600000,"node8WarnAfter":1600128000000}
[info] 
=== Project Setup
[info] 
[info] First, let's associate this project directory with a Firebase project.
[info] You can create multiple project aliases by running firebase use --add, 
[info] 
[debug] [2026-09-18T04:04:25.094Z] > command requires scopes: ["email","openid","https://www.googleapis.com/auth/cloudplatformprojects.readonly","https://www.googleapis.com/auth/firebase","https://www.googleapis.com/auth/cloud-platform"]
[debug] [2026-09-18T04:04:25.094Z] > authorizing via signed-in user (bobbykumar706584@gmail.com)
[debug] [2026-09-18T04:04:25.095Z] Checked if tokens are valid: false, expires at: 1776900150177
[debug] [2026-09-18T04:04:25.096Z] Checked if tokens are valid: false, expires at: 1776900150177
[debug] [2026-09-18T04:04:25.096Z] > refreshing access token with scopes: []
[debug] [2026-09-18T04:04:25.097Z] >>> [apiv2][query] POST https://www.googleapis.com/oauth2/v3/token [none]
[debug] [2026-09-18T04:04:25.097Z] >>> [apiv2][body] POST https://www.googleapis.com/oauth2/v3/token [omitted]
[debug] [2026-09-18T04:04:25.248Z] <<< [apiv2][status] POST https://www.googleapis.com/oauth2/v3/token 200
[debug] [2026-09-18T04:04:25.248Z] <<< [apiv2][body] POST https://www.googleapis.com/oauth2/v3/token [omitted]
[debug] [2026-09-18T04:04:25.291Z] >>> [apiv2][query] GET https://firebase.googleapis.com/v1beta1/projects pageSize=100
[debug] [2026-09-18T04:04:26.148Z] <<< [apiv2][status] GET https://firebase.googleapis.com/v1beta1/projects 200
[debug] [2026-09-18T04:04:26.148Z] <<< [apiv2][body] GET https://firebase.googleapis.com/v1beta1/projects [omitted]
[info] 
=== Hosting Setup
[info] 
[debug] [2026-09-18T04:04:54.352Z] Checked if tokens are valid: true, expires at: 1789707864249
[debug] [2026-09-18T04:04:54.353Z] Checked if tokens are valid: true, expires at: 1789707864249
[debug] [2026-09-18T04:04:54.353Z] >>> [apiv2][query] GET https://firebase.googleapis.com/v1beta1/projects/bowbowls [none]
[debug] [2026-09-18T04:04:55.125Z] <<< [apiv2][status] GET https://firebase.googleapis.com/v1beta1/projects/bowbowls 200
[debug] [2026-09-18T04:04:55.126Z] <<< [apiv2][body] GET https://firebase.googleapis.com/v1beta1/projects/bowbowls {"projectId":"bowbowls","projectNumber":"1057961286737","displayName":"bowbowls","name":"projects/bowbowls","resources":{"hostingSite":"bowbowls","locationId":"us-central"},"state":"ACTIVE","labels":{"firebase":"enabled"},"etag":"1_bbd034ed-5fa7-48f7-96ae-8ae53f796ab5"}
[info] 
[info] Your public directory is the folder (relative to your project directory) that
[info] will contain Hosting assets to be uploaded with firebase deploy. If you
[info] have a build process for your assets, use your build's output directory.
[info] 
[info] 
[info] i  Didn't detect a .git folder. Assuming /Users/bobbykumar/Desktop/3view-v1 is the project root. 
[info] i  Authorizing with GitHub to upload your service account to a GitHub repository's secrets store. 
[info] 
[info] Visit this URL on this device to log in:
[info] https://github.com/login/oauth/authorize?client_id=89cf50f02ac6aaed3484&state=440728450&redirect_uri=http%3A%2F%2Flocalhost%3A9005&scope=read%3Auser%20repo%20public_repo
[info] 
[info] Waiting for authentication...
